2026-07-09 20:29:21 +0000 [MT] Initial pipeline context: <IDEDistributionProcessingPipelineContext: 0x9f1f64000; archive(resolved)="<IDEArchive: 0x9efb4c150>", distributionTask(resolved)="2", distributionDestination(resolved)="1", distributionMethod(resolved)="<IDEDistributionMethodiOSAppStoreDistribution: 0x9f1ef42e0>", team(resolved)="<IDEProvisioningBasicTeam: 0x9f1f10700; teamID='GVGJLY2H53', teamName='(null)'>">
	Chain (15, self inclusive):
	<IDEDistributionProcessingPipelineContext: 0x9f1f64000; archive = "<IDEArchive: 0x9efb4c150>", distributionMethod="<IDEDistributionMethodiOSAppStoreDistribution: 0x9f1ef42e0>", team="<IDEProvisioningBasicTeam: 0x9f1f10700; teamID='GVGJLY2H53', teamName='(null)'>">
	<IDEDistributionProcessingPipelineContext: 0x9f1f65800; archive = "<IDEArchive: 0x9efb4c150>", distributionMethod="<IDEDistributionMethodiOSAppStoreDistribution: 0x9f1ef42e0>", team="<IDEProvisioningBasicTeam: 0x9f1f10700; teamID='GVGJLY2H53', teamName='(null)'>">
	<IDEDistributionContext: 0x9f1eb6d00; archive = "<IDEArchive: 0x9efb4c150>", distributionMethod="<IDEDistributionMethodiOSAppStoreDistribution: 0x9f1ef42e0>", team="<IDEProvisioningBasicTeam: 0x9f1f10700; teamID='GVGJLY2H53', teamName='(null)'>">
	<IDEDistributionContext: 0x9f1eb6800; archive = "<IDEArchive: 0x9efb4c150>", distributionMethod="<IDEDistributionMethodiOSAppStoreDistribution: 0x9f1ef42e0>", team="<IDEProvisioningBasicTeam: 0x9f1f10700; teamID='GVGJLY2H53', teamName='(null)'>">
	<IDEDistributionContext: 0x9f1eb6580; archive = "<IDEArchive: 0x9efb4c150>", distributionMethod="<IDEDistributionMethodiOSAppStoreDistribution: 0x9f1ef42e0>", team="<IDEProvisioningBasicTeam: 0x9f1f10700; teamID='GVGJLY2H53', teamName='(null)'>">
	<IDEDistributionContext: 0x9f1eb6300; archive = "<IDEArchive: 0x9efb4c150>", distributionMethod="<IDEDistributionMethodiOSAppStoreDistribution: 0x9f1ef42e0>", team="<IDEProvisioningBasicTeam: 0x9f1f10700; teamID='GVGJLY2H53', teamName='(null)'>">
	<IDEDistributionContext: 0x9f1eb6080; archive = "<IDEArchive: 0x9efb4c150>", distributionMethod="<IDEDistributionMethodiOSAppStoreDistribution: 0x9f1ef42e0>", team="<IDEProvisioningBasicTeam: 0x9f1f10700; teamID='GVGJLY2H53', teamName='(null)'>">
	<IDEDistributionContext: 0x9f1eb5e00; archive = "<IDEArchive: 0x9efb4c150>", distributionMethod="<IDEDistributionMethodiOSAppStoreDistribution: 0x9f1ef42e0>", team="<IDEProvisioningBasicTeam: 0x9f1f10700; teamID='GVGJLY2H53', teamName='(null)'>">
	<IDEDistributionContext: 0x9f1eb5b80; archive = "<IDEArchive: 0x9efb4c150>", distributionMethod="<IDEDistributionMethodiOSAppStoreDistribution: 0x9f1ef42e0>", team="<IDEProvisioningBasicTeam: 0x9f1f10700; teamID='GVGJLY2H53', teamName='(null)'>">
	<IDEDistributionContext: 0x9f1eb4c80; archive = "<IDEArchive: 0x9efb4c150>", distributionMethod="<IDEDistributionMethodiOSAppStoreDistribution: 0x9f1ef42e0>", team="<IDEProvisioningBasicTeam: 0x9f1f10700; teamID='GVGJLY2H53', teamName='(null)'>">
	<IDEDistributionContext: 0x9f1eb4a00; archive = "<IDEArchive: 0x9efb4c150>", distributionMethod="<IDEDistributionMethodiOSAppStoreDistribution: 0x9f1ef42e0>", team="<IDEProvisioningBasicTeam: 0x9f1f10700; teamID='GVGJLY2H53', teamName='(null)'>">
	<IDEDistributionContext: 0x9f1eb4780; archive = "<IDEArchive: 0x9efb4c150>", distributionMethod="<IDEDistributionMethodiOSAppStoreDistribution: 0x9f1ef42e0>", team="<IDEProvisioningBasicTeam: 0x9f1f10700; teamID='GVGJLY2H53', teamName='(null)'>">
	<IDEDistributionContext: 0x9f1eb4500; archive = "<IDEArchive: 0x9efb4c150>", distributionMethod="<IDEDistributionMethodiOSAppStoreDistribution: 0x9f1ef42e0>", team="(null)">
	<IDEDistributionContext: 0x102cf2a10; archive = "<IDEArchive: 0x9efb4c150>", distributionMethod="<IDEDistributionMethodiOSAppStoreDistribution: 0x9f1ef42e0>", team="(null)">
	<IDEDistributionContext: 0x102d116d0; archive = "<IDEArchive: 0x9efb4c150>", distributionMethod="(null)", team="(null)">
</IDEDistributionProcessingPipelineContext: 0x9f1f64000>
2026-07-09 20:29:21 +0000 [MT] Processing step: IDEDistributionCreateDestRootStep
2026-07-09 20:29:21 +0000 [MT] Processing step: IDEDistributionCopyItemStep
2026-07-09 20:29:21 +0000 [MT] Running /usr/bin/ditto '-V' '/Users/batman/maskedsyntax/steepr/build/AppStore/Steepr-20260710-archive.xcarchive/Products/Applications/Steepr.app' '/var/folders/99/99_53n6d0kx7ckzzlqk07qsr0000gn/T/XcodeDistPipeline.~~~lUixDZ/Root/Payload/Steepr.app'
2026-07-09 20:29:21 +0000  >>> Copying /Users/batman/maskedsyntax/steepr/build/AppStore/Steepr-20260710-archive.xcarchive/Products/Applications/Steepr.app 
2026-07-09 20:29:21 +0000  copying file ./_CodeSignature/CodeResources ... 
2026-07-09 20:29:21 +0000  10206 bytes for ./_CodeSignature/CodeResources
2026-07-09 20:29:21 +0000  copying file ./en.lproj/nlu.appintents/nlu.lzfse ... 
2026-07-09 20:29:21 +0000  2305 bytes for ./en.lproj/nlu.appintents/nlu.lzfse
2026-07-09 20:29:21 +0000  copying file ./en.lproj/nlu.appintents/e0b4e82bfcb5a219309796d852d808e5.version ... 
2026-07-09 20:29:21 +0000  1 bytes for ./en.lproj/nlu.appintents/e0b4e82bfcb5a219309796d852d808e5.version
2026-07-09 20:29:21 +0000  copying file ./en.lproj/Localizable.strings ... 
2026-07-09 20:29:21 +0000  426 bytes for ./en.lproj/Localizable.strings
2026-07-09 20:29:21 +0000  copying file ./Metadata.appintents/version.json ... 
2026-07-09 20:29:21 +0000  52 bytes for ./Metadata.appintents/version.json
2026-07-09 20:29:21 +0000  copying file ./Metadata.appintents/extract.actionsdata ... 
2026-07-09 20:29:21 +0000  7058 bytes for ./Metadata.appintents/extract.actionsdata
2026-07-09 20:29:21 +0000  copying file ./PlugIns/SteeprWidgets.appex/_CodeSignature/CodeResources ... 
2026-07-09 20:29:21 +0000  2782 bytes for ./PlugIns/SteeprWidgets.appex/_CodeSignature/CodeResources
2026-07-09 20:29:21 +0000  copying file ./PlugIns/SteeprWidgets.appex/Metadata.appintents/version.json ... 
2026-07-09 20:29:21 +0000  52 bytes for ./PlugIns/SteeprWidgets.appex/Metadata.appintents/version.json
2026-07-09 20:29:21 +0000  copying file ./PlugIns/SteeprWidgets.appex/Metadata.appintents/extract.actionsdata ... 
2026-07-09 20:29:21 +0000  2346 bytes for ./PlugIns/SteeprWidgets.appex/Metadata.appintents/extract.actionsdata
2026-07-09 20:29:21 +0000  copying file ./PlugIns/SteeprWidgets.appex/SteeprWidgets ... 
2026-07-09 20:29:21 +0000  281984 bytes for ./PlugIns/SteeprWidgets.appex/SteeprWidgets
2026-07-09 20:29:21 +0000  copying file ./PlugIns/SteeprWidgets.appex/PrivacyInfo.xcprivacy ... 
2026-07-09 20:29:21 +0000  461 bytes for ./PlugIns/SteeprWidgets.appex/PrivacyInfo.xcprivacy
2026-07-09 20:29:21 +0000  copying file ./PlugIns/SteeprWidgets.appex/embedded.mobileprovision ... 
2026-07-09 20:29:21 +0000  12715 bytes for ./PlugIns/SteeprWidgets.appex/embedded.mobileprovision
2026-07-09 20:29:21 +0000  copying file ./PlugIns/SteeprWidgets.appex/Info.plist ... 
2026-07-09 20:29:21 +0000  891 bytes for ./PlugIns/SteeprWidgets.appex/Info.plist
2026-07-09 20:29:21 +0000  copying file ./AppIcon60x60@2x.png ... 
2026-07-09 20:29:21 +0000  17697 bytes for ./AppIcon60x60@2x.png
2026-07-09 20:29:21 +0000  copying file ./Steepr ... 
2026-07-09 20:29:21 +0000  1111424 bytes for ./Steepr
2026-07-09 20:29:21 +0000  copying file ./Assets.car ... 
2026-07-09 20:29:21 +0000  1555608 bytes for ./Assets.car
2026-07-09 20:29:21 +0000  copying file ./AppIcon76x76@2x~ipad.png ... 
2026-07-09 20:29:21 +0000  26298 bytes for ./AppIcon76x76@2x~ipad.png
2026-07-09 20:29:21 +0000  copying file ./PrivacyInfo.xcprivacy ... 
2026-07-09 20:29:21 +0000  461 bytes for ./PrivacyInfo.xcprivacy
2026-07-09 20:29:21 +0000  copying file ./Watch/SteeprWatch.app/_CodeSignature/CodeResources ... 
2026-07-09 20:29:21 +0000  4595 bytes for ./Watch/SteeprWatch.app/_CodeSignature/CodeResources
2026-07-09 20:29:21 +0000  copying file ./Watch/SteeprWatch.app/PlugIns/SteeprComplications.appex/_CodeSignature/CodeResources ... 
2026-07-09 20:29:21 +0000  2412 bytes for ./Watch/SteeprWatch.app/PlugIns/SteeprComplications.appex/_CodeSignature/CodeResources
2026-07-09 20:29:21 +0000  copying file ./Watch/SteeprWatch.app/PlugIns/SteeprComplications.appex/PrivacyInfo.xcprivacy ... 
2026-07-09 20:29:21 +0000  598 bytes for ./Watch/SteeprWatch.app/PlugIns/SteeprComplications.appex/PrivacyInfo.xcprivacy
2026-07-09 20:29:21 +0000  copying file ./Watch/SteeprWatch.app/PlugIns/SteeprComplications.appex/SteeprComplications ... 
2026-07-09 20:29:21 +0000  330208 bytes for ./Watch/SteeprWatch.app/PlugIns/SteeprComplications.appex/SteeprComplications
2026-07-09 20:29:21 +0000  copying file ./Watch/SteeprWatch.app/PlugIns/SteeprComplications.appex/embedded.mobileprovision ... 
2026-07-09 20:29:21 +0000  12779 bytes for ./Watch/SteeprWatch.app/PlugIns/SteeprComplications.appex/embedded.mobileprovision
2026-07-09 20:29:21 +0000  copying file ./Watch/SteeprWatch.app/PlugIns/SteeprComplications.appex/Info.plist ... 
2026-07-09 20:29:21 +0000  875 bytes for ./Watch/SteeprWatch.app/PlugIns/SteeprComplications.appex/Info.plist
2026-07-09 20:29:21 +0000  copying file ./Watch/SteeprWatch.app/Assets.car ... 
2026-07-09 20:29:21 +0000  1553864 bytes for ./Watch/SteeprWatch.app/Assets.car
2026-07-09 20:29:21 +0000  copying file ./Watch/SteeprWatch.app/PrivacyInfo.xcprivacy ... 
2026-07-09 20:29:21 +0000  598 bytes for ./Watch/SteeprWatch.app/PrivacyInfo.xcprivacy
2026-07-09 20:29:21 +0000  copying file ./Watch/SteeprWatch.app/SteeprWatch ... 
2026-07-09 20:29:21 +0000  559952 bytes for ./Watch/SteeprWatch.app/SteeprWatch
2026-07-09 20:29:21 +0000  copying file ./Watch/SteeprWatch.app/embedded.mobileprovision ... 
2026-07-09 20:29:21 +0000  12693 bytes for ./Watch/SteeprWatch.app/embedded.mobileprovision
2026-07-09 20:29:21 +0000  copying file ./Watch/SteeprWatch.app/Info.plist ... 
2026-07-09 20:29:21 +0000  995 bytes for ./Watch/SteeprWatch.app/Info.plist
2026-07-09 20:29:21 +0000  copying file ./Watch/SteeprWatch.app/PkgInfo ... 
2026-07-09 20:29:21 +0000  8 bytes for ./Watch/SteeprWatch.app/PkgInfo
2026-07-09 20:29:21 +0000  copying file ./embedded.mobileprovision ... 
2026-07-09 20:29:21 +0000  14298 bytes for ./embedded.mobileprovision
2026-07-09 20:29:21 +0000  copying file ./Info.plist ... 
2026-07-09 20:29:21 +0000  1496 bytes for ./Info.plist
2026-07-09 20:29:21 +0000  copying file ./PkgInfo ... 
2026-07-09 20:29:21 +0000  8 bytes for ./PkgInfo
2026-07-09 20:29:21 +0000 [MT] /usr/bin/ditto exited with 0
2026-07-09 20:29:21 +0000 [MT] Processing step: IDEDistributionEmbedProfileStep
2026-07-09 20:29:21 +0000 [MT] Processing step: IDEDistributionInfoPlistStep
2026-07-09 20:29:21 +0000 [MT] Skipping setting DTXcodeBuildDistribution because toolsBuildVersionName was nil.
2026-07-09 20:29:21 +0000 [MT] Skipping setting DTXcodeBuildDistribution because toolsBuildVersionName was nil.
2026-07-09 20:29:21 +0000 [MT] Skipping setting DTXcodeBuildDistribution because toolsBuildVersionName was nil.
2026-07-09 20:29:21 +0000 [MT] Skipping setting DTXcodeBuildDistribution because toolsBuildVersionName was nil.
2026-07-09 20:29:21 +0000 [MT] Processing step: IDEDistributionItemRemovalStep
2026-07-09 20:29:21 +0000 [MT] Processing step: IDEDistributionAppThinningPlistStep
2026-07-09 20:29:21 +0000 [MT] Skipping step: IDEDistributionAppThinningPlistStep because it said so
2026-07-09 20:29:21 +0000 [MT] Processing step: IDEDistributionSymbolsStep
2026-07-09 20:29:21 +0000 [MT] Writing /var/folders/99/99_53n6d0kx7ckzzlqk07qsr0000gn/T/XcodeDistPipeline.~~~lUixDZ/Symbols/2F66D16B-28ED-3924-89EF-4AF2CBC30483.symbols
2026-07-09 20:29:21 +0000 [MT] Writing /var/folders/99/99_53n6d0kx7ckzzlqk07qsr0000gn/T/XcodeDistPipeline.~~~lUixDZ/Symbols/C8D75C84-E11C-352F-80E0-9B16299A7323.symbols
2026-07-09 20:29:21 +0000 [MT] Writing /var/folders/99/99_53n6d0kx7ckzzlqk07qsr0000gn/T/XcodeDistPipeline.~~~lUixDZ/Symbols/CBE0E8FD-AE1B-3E00-ACFB-5EEA7638A468.symbols
2026-07-09 20:29:21 +0000 [MT] Writing /var/folders/99/99_53n6d0kx7ckzzlqk07qsr0000gn/T/XcodeDistPipeline.~~~lUixDZ/Symbols/EF03C67C-C4EE-325A-AE8D-1F06C6D5EC35.symbols
2026-07-09 20:29:21 +0000 [MT] Writing /var/folders/99/99_53n6d0kx7ckzzlqk07qsr0000gn/T/XcodeDistPipeline.~~~lUixDZ/Symbols/CBE0E8FD-AE1B-3E00-ACFB-5EEA7638A468.symbols
2026-07-09 20:29:21 +0000 [MT] Writing /var/folders/99/99_53n6d0kx7ckzzlqk07qsr0000gn/T/XcodeDistPipeline.~~~lUixDZ/Symbols/EF03C67C-C4EE-325A-AE8D-1F06C6D5EC35.symbols
2026-07-09 20:29:21 +0000 [MT] Writing /var/folders/99/99_53n6d0kx7ckzzlqk07qsr0000gn/T/XcodeDistPipeline.~~~lUixDZ/Symbols/F69A361F-3D1F-3E2B-8491-38C7925B0DCD.symbols
2026-07-09 20:29:21 +0000 [MT] Writing /var/folders/99/99_53n6d0kx7ckzzlqk07qsr0000gn/T/XcodeDistPipeline.~~~lUixDZ/Symbols/A7F1E985-18C8-3F1E-A838-1E75A1B37535.symbols
2026-07-09 20:29:21 +0000 [MT] Writing /var/folders/99/99_53n6d0kx7ckzzlqk07qsr0000gn/T/XcodeDistPipeline.~~~lUixDZ/Symbols/F69A361F-3D1F-3E2B-8491-38C7925B0DCD.symbols
2026-07-09 20:29:21 +0000 [MT] Writing /var/folders/99/99_53n6d0kx7ckzzlqk07qsr0000gn/T/XcodeDistPipeline.~~~lUixDZ/Symbols/A7F1E985-18C8-3F1E-A838-1E75A1B37535.symbols
2026-07-09 20:29:21 +0000 [MT] Processing step: IDEDistributionCopyAppleProvidedContentStep
2026-07-09 20:29:21 +0000 [MT] Processing step: IDEDistributionAppThinningStep
2026-07-09 20:29:21 +0000 [MT] Skipping step: IDEDistributionAppThinningStep because it said so
2026-07-09 20:29:21 +0000 [MT] Processing step: IDEDistributionArchThinningStep
2026-07-09 20:29:21 +0000 [MT] Archs to thin for item /Users/batman/maskedsyntax/steepr/build/AppStore/Steepr-20260710-archive.xcarchive/Products/Applications/Steepr.app/Watch/SteeprWatch.app/PlugIns/SteeprComplications.appex are []
2026-07-09 20:29:21 +0000 [MT] Archs to thin for item /Users/batman/maskedsyntax/steepr/build/AppStore/Steepr-20260710-archive.xcarchive/Products/Applications/Steepr.app/PlugIns/SteeprWidgets.appex are []
2026-07-09 20:29:21 +0000 [MT] Archs to thin for item /Users/batman/maskedsyntax/steepr/build/AppStore/Steepr-20260710-archive.xcarchive/Products/Applications/Steepr.app/Watch/SteeprWatch.app are []
2026-07-09 20:29:21 +0000 [MT] Archs to thin for item /Users/batman/maskedsyntax/steepr/build/AppStore/Steepr-20260710-archive.xcarchive/Products/Applications/Steepr.app are []
2026-07-09 20:29:21 +0000 [MT] Processing step: IDEDistributionODRStep
2026-07-09 20:29:21 +0000 [MT] Processing step: IDEDistributionStripXattrsStep
2026-07-09 20:29:21 +0000 [MT] Skipping stripping extended attributes because the codesign step will strip them.
2026-07-09 20:29:21 +0000 [MT] Skipping stripping extended attributes because the codesign step will strip them.
2026-07-09 20:29:21 +0000 [MT] Skipping stripping extended attributes because the codesign step will strip them.
2026-07-09 20:29:21 +0000 [MT] Skipping stripping extended attributes because the codesign step will strip them.
2026-07-09 20:29:21 +0000 [MT] Processing step: IDEDistributionCodesignStep
2026-07-09 20:29:21 +0000 [MT] Entitlements for <IDEDistributionItem: 0x9ef4cd260; bundleID='com.maskedsyntax.Steepr.watchkitapp.complications', path='<DVTFilePath:0x9efb4e5a0:'/Users/batman/maskedsyntax/steepr/build/AppStore/Steepr-20260710-archive.xcarchive/Products/Applications/Steepr.app/Watch/SteeprWatch.app/PlugIns/SteeprComplications.appex'>', codeSigningInfo='<_DVTCodeSigningInformation_Path: 0x9ef4cd1a0; isSigned='1', isAdHocSigned='0', signingCertificate='<DVTSigningCertificate: 0x9ee86c6c0; name='Apple Development: aftaab2507@gmail.com (FC84RQ83VB)', hash='F175E1D5E691450000EBC3BF0F5BB6F1C4450432', serialNumber='14D731AEC3AAF89443E001FD7570FD18', certificateKinds='(
    "1.2.840.113635.100.6.1.12",
    "1.2.840.113635.100.6.1.2"
), issueDate='2026-04-18 13:14:24 +0000''>', entitlements='{
    "application-identifier" = "GVGJLY2H53.com.maskedsyntax.Steepr.watchkitapp.complications";
    "com.apple.developer.team-identifier" = GVGJLY2H53;
    "com.apple.security.application-groups" =     (
        "group.com.maskedsyntax.steepr"
    );
    "get-task-allow" = 1;
}', teamID='GVGJLY2H53', identifier='com.maskedsyntax.Steepr.watchkitapp.complications', executablePath='<DVTFilePath:0x9efb4e6f0:'/Users/batman/maskedsyntax/steepr/build/AppStore/Steepr-20260710-archive.xcarchive/Products/Applications/Steepr.app/Watch/SteeprWatch.app/PlugIns/SteeprComplications.appex/SteeprComplications'>', hardenedRuntime='0'>'>: {
    "application-identifier" = "GVGJLY2H53.com.maskedsyntax.Steepr.watchkitapp.complications";
    "beta-reports-active" = 1;
    "com.apple.developer.team-identifier" = GVGJLY2H53;
    "com.apple.security.application-groups" =     (
        "group.com.maskedsyntax.steepr"
    );
    "get-task-allow" = 0;
}
2026-07-09 20:29:21 +0000 [MT] Associated App Clip Identifiers Filter: Skipping because "com.apple.developer.associated-appclip-app-identifiers" is not present
2026-07-09 20:29:21 +0000 [MT] Entitlements for <IDEDistributionItem: 0x9ef4cd260; bundleID='com.maskedsyntax.Steepr.watchkitapp.complications', path='<DVTFilePath:0x9efb4e5a0:'/Users/batman/maskedsyntax/steepr/build/AppStore/Steepr-20260710-archive.xcarchive/Products/Applications/Steepr.app/Watch/SteeprWatch.app/PlugIns/SteeprComplications.appex'>', codeSigningInfo='<_DVTCodeSigningInformation_Path: 0x9ef4cd1a0; isSigned='1', isAdHocSigned='0', signingCertificate='<DVTSigningCertificate: 0x9ee86d440; name='Apple Development: aftaab2507@gmail.com (FC84RQ83VB)', hash='F175E1D5E691450000EBC3BF0F5BB6F1C4450432', serialNumber='14D731AEC3AAF89443E001FD7570FD18', certificateKinds='(
    "1.2.840.113635.100.6.1.12",
    "1.2.840.113635.100.6.1.2"
), issueDate='2026-04-18 13:14:24 +0000''>', entitlements='{
    "application-identifier" = "GVGJLY2H53.com.maskedsyntax.Steepr.watchkitapp.complications";
    "com.apple.developer.team-identifier" = GVGJLY2H53;
    "com.apple.security.application-groups" =     (
        "group.com.maskedsyntax.steepr"
    );
    "get-task-allow" = 1;
}', teamID='GVGJLY2H53', identifier='com.maskedsyntax.Steepr.watchkitapp.complications', executablePath='<DVTFilePath:0x9efb4e6f0:'/Users/batman/maskedsyntax/steepr/build/AppStore/Steepr-20260710-archive.xcarchive/Products/Applications/Steepr.app/Watch/SteeprWatch.app/PlugIns/SteeprComplications.appex/SteeprComplications'>', hardenedRuntime='0'>'> are: {
    "application-identifier" = "GVGJLY2H53.com.maskedsyntax.Steepr.watchkitapp.complications";
    "beta-reports-active" = 1;
    "com.apple.developer.team-identifier" = GVGJLY2H53;
    "com.apple.security.application-groups" =     (
        "group.com.maskedsyntax.steepr"
    );
    "get-task-allow" = 0;
}
2026-07-09 20:29:21 +0000 [MT] Writing entitlements for <IDEDistributionItem: 0x9ef4cd260; bundleID='com.maskedsyntax.Steepr.watchkitapp.complications', path='<DVTFilePath:0x9efb4e5a0:'/Users/batman/maskedsyntax/steepr/build/AppStore/Steepr-20260710-archive.xcarchive/Products/Applications/Steepr.app/Watch/SteeprWatch.app/PlugIns/SteeprComplications.appex'>', codeSigningInfo='<_DVTCodeSigningInformation_Path: 0x9ef4cd1a0; isSigned='1', isAdHocSigned='0', signingCertificate='<DVTSigningCertificate: 0x9ee86d440; name='Apple Development: aftaab2507@gmail.com (FC84RQ83VB)', hash='F175E1D5E691450000EBC3BF0F5BB6F1C4450432', serialNumber='14D731AEC3AAF89443E001FD7570FD18', certificateKinds='(
    "1.2.840.113635.100.6.1.12",
    "1.2.840.113635.100.6.1.2"
), issueDate='2026-04-18 13:14:24 +0000''>', entitlements='{
    "application-identifier" = "GVGJLY2H53.com.maskedsyntax.Steepr.watchkitapp.complications";
    "com.apple.developer.team-identifier" = GVGJLY2H53;
    "com.apple.security.application-groups" =     (
        "group.com.maskedsyntax.steepr"
    );
    "get-task-allow" = 1;
}', teamID='GVGJLY2H53', identifier='com.maskedsyntax.Steepr.watchkitapp.complications', executablePath='<DVTFilePath:0x9efb4e6f0:'/Users/batman/maskedsyntax/steepr/build/AppStore/Steepr-20260710-archive.xcarchive/Products/Applications/Steepr.app/Watch/SteeprWatch.app/PlugIns/SteeprComplications.appex/SteeprComplications'>', hardenedRuntime='0'>'> to: /var/folders/99/99_53n6d0kx7ckzzlqk07qsr0000gn/T/XcodeDistPipeline.~~~lUixDZ/entitlements~~~xHQXfS
2026-07-09 20:29:21 +0000 [MT] invoking codesign: <NSConcreteTask: 0x9ef7d9d60; launchPath='/usr/bin/codesign', arguments='(
    "-f",
    "-s",
    623E9DD2311AB9DF5E0DA7BFDD1703043A571173,
    "--entitlements",
    "/var/folders/99/99_53n6d0kx7ckzzlqk07qsr0000gn/T/XcodeDistPipeline.~~~lUixDZ/entitlements~~~xHQXfS",
    "--preserve-metadata=identifier,flags,runtime,launch-constraints,library-constraints",
    "--generate-entitlement-der",
    "--strip-disallowed-xattrs",
    "-vvv",
    "/var/folders/99/99_53n6d0kx7ckzzlqk07qsr0000gn/T/XcodeDistPipeline.~~~lUixDZ/Root/Payload/Steepr.app/Watch/SteeprWatch.app/PlugIns/SteeprComplications.appex"
)'>
2026-07-09 20:29:21 +0000 [MT] codesign output: /var/folders/99/99_53n6d0kx7ckzzlqk07qsr0000gn/T/XcodeDistPipeline.~~~lUixDZ/Root/Payload/Steepr.app/Watch/SteeprWatch.app/PlugIns/SteeprComplications.appex: replacing existing signature
/var/folders/99/99_53n6d0kx7ckzzlqk07qsr0000gn/T/XcodeDistPipeline.~~~lUixDZ/Root/Payload/Steepr.app/Watch/SteeprWatch.app/PlugIns/SteeprComplications.appex: signed bundle with Mach-O universal (arm64 arm64_32) [com.maskedsyntax.Steepr.watchkitapp.complications]
2026-07-09 20:29:21 +0000 [MT] Entitlements for <IDEDistributionItem: 0x9ef4cd380; bundleID='com.maskedsyntax.Steepr.widgets', path='<DVTFilePath:0x9efb4df10:'/Users/batman/maskedsyntax/steepr/build/AppStore/Steepr-20260710-archive.xcarchive/Products/Applications/Steepr.app/PlugIns/SteeprWidgets.appex'>', codeSigningInfo='<_DVTCodeSigningInformation_Path: 0x9ef4cd200; isSigned='1', isAdHocSigned='0', signingCertificate='<DVTSigningCertificate: 0x9ee86c6c0; name='Apple Development: aftaab2507@gmail.com (FC84RQ83VB)', hash='F175E1D5E691450000EBC3BF0F5BB6F1C4450432', serialNumber='14D731AEC3AAF89443E001FD7570FD18', certificateKinds='(
    "1.2.840.113635.100.6.1.12",
    "1.2.840.113635.100.6.1.2"
), issueDate='2026-04-18 13:14:24 +0000''>', entitlements='{
    "application-identifier" = "GVGJLY2H53.com.maskedsyntax.Steepr.widgets";
    "com.apple.developer.team-identifier" = GVGJLY2H53;
    "com.apple.security.application-groups" =     (
        "group.com.maskedsyntax.steepr"
    );
    "get-task-allow" = 1;
}', teamID='GVGJLY2H53', identifier='com.maskedsyntax.Steepr.widgets', executablePath='<DVTFilePath:0x9efb2f840:'/Users/batman/maskedsyntax/steepr/build/AppStore/Steepr-20260710-archive.xcarchive/Products/Applications/Steepr.app/PlugIns/SteeprWidgets.appex/SteeprWidgets'>', hardenedRuntime='0'>'>: {
    "application-identifier" = "GVGJLY2H53.com.maskedsyntax.Steepr.widgets";
    "beta-reports-active" = 1;
    "com.apple.developer.team-identifier" = GVGJLY2H53;
    "com.apple.security.application-groups" =     (
        "group.com.maskedsyntax.steepr"
    );
    "get-task-allow" = 0;
}
2026-07-09 20:29:21 +0000 [MT] Associated App Clip Identifiers Filter: Skipping because "com.apple.developer.associated-appclip-app-identifiers" is not present
2026-07-09 20:29:21 +0000 [MT] Entitlements for <IDEDistributionItem: 0x9ef4cd380; bundleID='com.maskedsyntax.Steepr.widgets', path='<DVTFilePath:0x9efb4df10:'/Users/batman/maskedsyntax/steepr/build/AppStore/Steepr-20260710-archive.xcarchive/Products/Applications/Steepr.app/PlugIns/SteeprWidgets.appex'>', codeSigningInfo='<_DVTCodeSigningInformation_Path: 0x9ef4cd200; isSigned='1', isAdHocSigned='0', signingCertificate='<DVTSigningCertificate: 0x9ee86d440; name='Apple Development: aftaab2507@gmail.com (FC84RQ83VB)', hash='F175E1D5E691450000EBC3BF0F5BB6F1C4450432', serialNumber='14D731AEC3AAF89443E001FD7570FD18', certificateKinds='(
    "1.2.840.113635.100.6.1.12",
    "1.2.840.113635.100.6.1.2"
), issueDate='2026-04-18 13:14:24 +0000''>', entitlements='{
    "application-identifier" = "GVGJLY2H53.com.maskedsyntax.Steepr.widgets";
    "com.apple.developer.team-identifier" = GVGJLY2H53;
    "com.apple.security.application-groups" =     (
        "group.com.maskedsyntax.steepr"
    );
    "get-task-allow" = 1;
}', teamID='GVGJLY2H53', identifier='com.maskedsyntax.Steepr.widgets', executablePath='<DVTFilePath:0x9efb2f840:'/Users/batman/maskedsyntax/steepr/build/AppStore/Steepr-20260710-archive.xcarchive/Products/Applications/Steepr.app/PlugIns/SteeprWidgets.appex/SteeprWidgets'>', hardenedRuntime='0'>'> are: {
    "application-identifier" = "GVGJLY2H53.com.maskedsyntax.Steepr.widgets";
    "beta-reports-active" = 1;
    "com.apple.developer.team-identifier" = GVGJLY2H53;
    "com.apple.security.application-groups" =     (
        "group.com.maskedsyntax.steepr"
    );
    "get-task-allow" = 0;
}
2026-07-09 20:29:21 +0000 [MT] Writing entitlements for <IDEDistributionItem: 0x9ef4cd380; bundleID='com.maskedsyntax.Steepr.widgets', path='<DVTFilePath:0x9efb4df10:'/Users/batman/maskedsyntax/steepr/build/AppStore/Steepr-20260710-archive.xcarchive/Products/Applications/Steepr.app/PlugIns/SteeprWidgets.appex'>', codeSigningInfo='<_DVTCodeSigningInformation_Path: 0x9ef4cd200; isSigned='1', isAdHocSigned='0', signingCertificate='<DVTSigningCertificate: 0x9ee86d440; name='Apple Development: aftaab2507@gmail.com (FC84RQ83VB)', hash='F175E1D5E691450000EBC3BF0F5BB6F1C4450432', serialNumber='14D731AEC3AAF89443E001FD7570FD18', certificateKinds='(
    "1.2.840.113635.100.6.1.12",
    "1.2.840.113635.100.6.1.2"
), issueDate='2026-04-18 13:14:24 +0000''>', entitlements='{
    "application-identifier" = "GVGJLY2H53.com.maskedsyntax.Steepr.widgets";
    "com.apple.developer.team-identifier" = GVGJLY2H53;
    "com.apple.security.application-groups" =     (
        "group.com.maskedsyntax.steepr"
    );
    "get-task-allow" = 1;
}', teamID='GVGJLY2H53', identifier='com.maskedsyntax.Steepr.widgets', executablePath='<DVTFilePath:0x9efb2f840:'/Users/batman/maskedsyntax/steepr/build/AppStore/Steepr-20260710-archive.xcarchive/Products/Applications/Steepr.app/PlugIns/SteeprWidgets.appex/SteeprWidgets'>', hardenedRuntime='0'>'> to: /var/folders/99/99_53n6d0kx7ckzzlqk07qsr0000gn/T/XcodeDistPipeline.~~~lUixDZ/entitlements~~~uRiWj6
2026-07-09 20:29:21 +0000 [MT] invoking codesign: <NSConcreteTask: 0x9ef7d9810; launchPath='/usr/bin/codesign', arguments='(
    "-f",
    "-s",
    623E9DD2311AB9DF5E0DA7BFDD1703043A571173,
    "--entitlements",
    "/var/folders/99/99_53n6d0kx7ckzzlqk07qsr0000gn/T/XcodeDistPipeline.~~~lUixDZ/entitlements~~~uRiWj6",
    "--preserve-metadata=identifier,flags,runtime,launch-constraints,library-constraints",
    "--generate-entitlement-der",
    "--strip-disallowed-xattrs",
    "-vvv",
    "/var/folders/99/99_53n6d0kx7ckzzlqk07qsr0000gn/T/XcodeDistPipeline.~~~lUixDZ/Root/Payload/Steepr.app/PlugIns/SteeprWidgets.appex"
)'>
2026-07-09 20:29:21 +0000 [MT] codesign output: /var/folders/99/99_53n6d0kx7ckzzlqk07qsr0000gn/T/XcodeDistPipeline.~~~lUixDZ/Root/Payload/Steepr.app/PlugIns/SteeprWidgets.appex: replacing existing signature
/var/folders/99/99_53n6d0kx7ckzzlqk07qsr0000gn/T/XcodeDistPipeline.~~~lUixDZ/Root/Payload/Steepr.app/PlugIns/SteeprWidgets.appex: signed bundle with Mach-O thin (arm64) [com.maskedsyntax.Steepr.widgets]
2026-07-09 20:29:21 +0000 [MT] Entitlements for <IDEDistributionItem: 0x9ef4cd2c0; bundleID='com.maskedsyntax.Steepr.watchkitapp', path='<DVTFilePath:0x9efb2fea0:'/Users/batman/maskedsyntax/steepr/build/AppStore/Steepr-20260710-archive.xcarchive/Products/Applications/Steepr.app/Watch/SteeprWatch.app'>', codeSigningInfo='<_DVTCodeSigningInformation_Path: 0x9ef4cd320; isSigned='1', isAdHocSigned='0', signingCertificate='<DVTSigningCertificate: 0x9ee86c6c0; name='Apple Development: aftaab2507@gmail.com (FC84RQ83VB)', hash='F175E1D5E691450000EBC3BF0F5BB6F1C4450432', serialNumber='14D731AEC3AAF89443E001FD7570FD18', certificateKinds='(
    "1.2.840.113635.100.6.1.12",
    "1.2.840.113635.100.6.1.2"
), issueDate='2026-04-18 13:14:24 +0000''>', entitlements='{
    "application-identifier" = "GVGJLY2H53.com.maskedsyntax.Steepr.watchkitapp";
    "com.apple.developer.team-identifier" = GVGJLY2H53;
    "com.apple.security.application-groups" =     (
        "group.com.maskedsyntax.steepr"
    );
    "get-task-allow" = 1;
}', teamID='GVGJLY2H53', identifier='com.maskedsyntax.Steepr.watchkitapp', executablePath='<DVTFilePath:0x9ef4ccae0:'/Users/batman/maskedsyntax/steepr/build/AppStore/Steepr-20260710-archive.xcarchive/Products/Applications/Steepr.app/Watch/SteeprWatch.app/SteeprWatch'>', hardenedRuntime='0'>'>: {
    "application-identifier" = "GVGJLY2H53.com.maskedsyntax.Steepr.watchkitapp";
    "beta-reports-active" = 1;
    "com.apple.developer.team-identifier" = GVGJLY2H53;
    "com.apple.security.application-groups" =     (
        "group.com.maskedsyntax.steepr"
    );
    "get-task-allow" = 0;
}
2026-07-09 20:29:21 +0000 [MT] Associated App Clip Identifiers Filter: Skipping because "com.apple.developer.associated-appclip-app-identifiers" is not present
2026-07-09 20:29:21 +0000 [MT] Entitlements for <IDEDistributionItem: 0x9ef4cd2c0; bundleID='com.maskedsyntax.Steepr.watchkitapp', path='<DVTFilePath:0x9efb2fea0:'/Users/batman/maskedsyntax/steepr/build/AppStore/Steepr-20260710-archive.xcarchive/Products/Applications/Steepr.app/Watch/SteeprWatch.app'>', codeSigningInfo='<_DVTCodeSigningInformation_Path: 0x9ef4cd320; isSigned='1', isAdHocSigned='0', signingCertificate='<DVTSigningCertificate: 0x9ee86d440; name='Apple Development: aftaab2507@gmail.com (FC84RQ83VB)', hash='F175E1D5E691450000EBC3BF0F5BB6F1C4450432', serialNumber='14D731AEC3AAF89443E001FD7570FD18', certificateKinds='(
    "1.2.840.113635.100.6.1.12",
    "1.2.840.113635.100.6.1.2"
), issueDate='2026-04-18 13:14:24 +0000''>', entitlements='{
    "application-identifier" = "GVGJLY2H53.com.maskedsyntax.Steepr.watchkitapp";
    "com.apple.developer.team-identifier" = GVGJLY2H53;
    "com.apple.security.application-groups" =     (
        "group.com.maskedsyntax.steepr"
    );
    "get-task-allow" = 1;
}', teamID='GVGJLY2H53', identifier='com.maskedsyntax.Steepr.watchkitapp', executablePath='<DVTFilePath:0x9ef4ccae0:'/Users/batman/maskedsyntax/steepr/build/AppStore/Steepr-20260710-archive.xcarchive/Products/Applications/Steepr.app/Watch/SteeprWatch.app/SteeprWatch'>', hardenedRuntime='0'>'> are: {
    "application-identifier" = "GVGJLY2H53.com.maskedsyntax.Steepr.watchkitapp";
    "beta-reports-active" = 1;
    "com.apple.developer.team-identifier" = GVGJLY2H53;
    "com.apple.security.application-groups" =     (
        "group.com.maskedsyntax.steepr"
    );
    "get-task-allow" = 0;
}
2026-07-09 20:29:21 +0000 [MT] Writing entitlements for <IDEDistributionItem: 0x9ef4cd2c0; bundleID='com.maskedsyntax.Steepr.watchkitapp', path='<DVTFilePath:0x9efb2fea0:'/Users/batman/maskedsyntax/steepr/build/AppStore/Steepr-20260710-archive.xcarchive/Products/Applications/Steepr.app/Watch/SteeprWatch.app'>', codeSigningInfo='<_DVTCodeSigningInformation_Path: 0x9ef4cd320; isSigned='1', isAdHocSigned='0', signingCertificate='<DVTSigningCertificate: 0x9ee86d440; name='Apple Development: aftaab2507@gmail.com (FC84RQ83VB)', hash='F175E1D5E691450000EBC3BF0F5BB6F1C4450432', serialNumber='14D731AEC3AAF89443E001FD7570FD18', certificateKinds='(
    "1.2.840.113635.100.6.1.12",
    "1.2.840.113635.100.6.1.2"
), issueDate='2026-04-18 13:14:24 +0000''>', entitlements='{
    "application-identifier" = "GVGJLY2H53.com.maskedsyntax.Steepr.watchkitapp";
    "com.apple.developer.team-identifier" = GVGJLY2H53;
    "com.apple.security.application-groups" =     (
        "group.com.maskedsyntax.steepr"
    );
    "get-task-allow" = 1;
}', teamID='GVGJLY2H53', identifier='com.maskedsyntax.Steepr.watchkitapp', executablePath='<DVTFilePath:0x9ef4ccae0:'/Users/batman/maskedsyntax/steepr/build/AppStore/Steepr-20260710-archive.xcarchive/Products/Applications/Steepr.app/Watch/SteeprWatch.app/SteeprWatch'>', hardenedRuntime='0'>'> to: /var/folders/99/99_53n6d0kx7ckzzlqk07qsr0000gn/T/XcodeDistPipeline.~~~lUixDZ/entitlements~~~hAWQNH
2026-07-09 20:29:21 +0000 [MT] invoking codesign: <NSConcreteTask: 0x9ef7d9810; launchPath='/usr/bin/codesign', arguments='(
    "-f",
    "-s",
    623E9DD2311AB9DF5E0DA7BFDD1703043A571173,
    "--entitlements",
    "/var/folders/99/99_53n6d0kx7ckzzlqk07qsr0000gn/T/XcodeDistPipeline.~~~lUixDZ/entitlements~~~hAWQNH",
    "--preserve-metadata=identifier,flags,runtime,launch-constraints,library-constraints",
    "--generate-entitlement-der",
    "--strip-disallowed-xattrs",
    "-vvv",
    "/var/folders/99/99_53n6d0kx7ckzzlqk07qsr0000gn/T/XcodeDistPipeline.~~~lUixDZ/Root/Payload/Steepr.app/Watch/SteeprWatch.app"
)'>
2026-07-09 20:29:21 +0000 [MT] codesign output: /var/folders/99/99_53n6d0kx7ckzzlqk07qsr0000gn/T/XcodeDistPipeline.~~~lUixDZ/Root/Payload/Steepr.app/Watch/SteeprWatch.app: replacing existing signature
/var/folders/99/99_53n6d0kx7ckzzlqk07qsr0000gn/T/XcodeDistPipeline.~~~lUixDZ/Root/Payload/Steepr.app/Watch/SteeprWatch.app: signed app bundle with Mach-O universal (arm64 arm64_32) [com.maskedsyntax.Steepr.watchkitapp]
2026-07-09 20:29:21 +0000 [MT] Entitlements for <IDEDistributionItem: 0x9ef4cd3e0; bundleID='com.maskedsyntax.Steepr', path='<DVTFilePath:0x9efb2d7a0:'/Users/batman/maskedsyntax/steepr/build/AppStore/Steepr-20260710-archive.xcarchive/Products/Applications/Steepr.app'>', codeSigningInfo='<_DVTCodeSigningInformation_Path: 0x9ef4cd440; isSigned='1', isAdHocSigned='0', signingCertificate='<DVTSigningCertificate: 0x9ee86c6c0; name='Apple Development: aftaab2507@gmail.com (FC84RQ83VB)', hash='F175E1D5E691450000EBC3BF0F5BB6F1C4450432', serialNumber='14D731AEC3AAF89443E001FD7570FD18', certificateKinds='(
    "1.2.840.113635.100.6.1.12",
    "1.2.840.113635.100.6.1.2"
), issueDate='2026-04-18 13:14:24 +0000''>', entitlements='{
    "application-identifier" = "GVGJLY2H53.com.maskedsyntax.Steepr";
    "com.apple.developer.icloud-container-identifiers" =     (
        "iCloud.com.maskedsyntax.Steepr"
    );
    "com.apple.developer.icloud-services" =     (
        CloudKit
    );
    "com.apple.developer.team-identifier" = GVGJLY2H53;
    "com.apple.security.application-groups" =     (
        "group.com.maskedsyntax.steepr"
    );
    "get-task-allow" = 1;
}', teamID='GVGJLY2H53', identifier='com.maskedsyntax.Steepr', executablePath='<DVTFilePath:0x9efb2fba0:'/Users/batman/maskedsyntax/steepr/build/AppStore/Steepr-20260710-archive.xcarchive/Products/Applications/Steepr.app/Steepr'>', hardenedRuntime='0'>'>: {
    "application-identifier" = "GVGJLY2H53.com.maskedsyntax.Steepr";
    "beta-reports-active" = 1;
    "com.apple.developer.icloud-container-environment" = Production;
    "com.apple.developer.icloud-container-identifiers" =     (
        "iCloud.com.maskedsyntax.Steepr"
    );
    "com.apple.developer.icloud-services" =     (
        CloudKit
    );
    "com.apple.developer.team-identifier" = GVGJLY2H53;
    "com.apple.security.application-groups" =     (
        "group.com.maskedsyntax.steepr"
    );
    "get-task-allow" = 0;
}
2026-07-09 20:29:21 +0000 [MT] Associated App Clip Identifiers Filter: Skipping because "com.apple.developer.associated-appclip-app-identifiers" is not present
2026-07-09 20:29:21 +0000 [MT] Entitlements for <IDEDistributionItem: 0x9ef4cd3e0; bundleID='com.maskedsyntax.Steepr', path='<DVTFilePath:0x9efb2d7a0:'/Users/batman/maskedsyntax/steepr/build/AppStore/Steepr-20260710-archive.xcarchive/Products/Applications/Steepr.app'>', codeSigningInfo='<_DVTCodeSigningInformation_Path: 0x9ef4cd440; isSigned='1', isAdHocSigned='0', signingCertificate='<DVTSigningCertificate: 0x9ee86d440; name='Apple Development: aftaab2507@gmail.com (FC84RQ83VB)', hash='F175E1D5E691450000EBC3BF0F5BB6F1C4450432', serialNumber='14D731AEC3AAF89443E001FD7570FD18', certificateKinds='(
    "1.2.840.113635.100.6.1.12",
    "1.2.840.113635.100.6.1.2"
), issueDate='2026-04-18 13:14:24 +0000''>', entitlements='{
    "application-identifier" = "GVGJLY2H53.com.maskedsyntax.Steepr";
    "com.apple.developer.icloud-container-identifiers" =     (
        "iCloud.com.maskedsyntax.Steepr"
    );
    "com.apple.developer.icloud-services" =     (
        CloudKit
    );
    "com.apple.developer.team-identifier" = GVGJLY2H53;
    "com.apple.security.application-groups" =     (
        "group.com.maskedsyntax.steepr"
    );
    "get-task-allow" = 1;
}', teamID='GVGJLY2H53', identifier='com.maskedsyntax.Steepr', executablePath='<DVTFilePath:0x9efb2fba0:'/Users/batman/maskedsyntax/steepr/build/AppStore/Steepr-20260710-archive.xcarchive/Products/Applications/Steepr.app/Steepr'>', hardenedRuntime='0'>'> are: {
    "application-identifier" = "GVGJLY2H53.com.maskedsyntax.Steepr";
    "beta-reports-active" = 1;
    "com.apple.developer.icloud-container-environment" = Production;
    "com.apple.developer.icloud-container-identifiers" =     (
        "iCloud.com.maskedsyntax.Steepr"
    );
    "com.apple.developer.icloud-services" =     (
        CloudKit
    );
    "com.apple.developer.team-identifier" = GVGJLY2H53;
    "com.apple.security.application-groups" =     (
        "group.com.maskedsyntax.steepr"
    );
    "get-task-allow" = 0;
}
2026-07-09 20:29:21 +0000 [MT] Writing entitlements for <IDEDistributionItem: 0x9ef4cd3e0; bundleID='com.maskedsyntax.Steepr', path='<DVTFilePath:0x9efb2d7a0:'/Users/batman/maskedsyntax/steepr/build/AppStore/Steepr-20260710-archive.xcarchive/Products/Applications/Steepr.app'>', codeSigningInfo='<_DVTCodeSigningInformation_Path: 0x9ef4cd440; isSigned='1', isAdHocSigned='0', signingCertificate='<DVTSigningCertificate: 0x9ee86d440; name='Apple Development: aftaab2507@gmail.com (FC84RQ83VB)', hash='F175E1D5E691450000EBC3BF0F5BB6F1C4450432', serialNumber='14D731AEC3AAF89443E001FD7570FD18', certificateKinds='(
    "1.2.840.113635.100.6.1.12",
    "1.2.840.113635.100.6.1.2"
), issueDate='2026-04-18 13:14:24 +0000''>', entitlements='{
    "application-identifier" = "GVGJLY2H53.com.maskedsyntax.Steepr";
    "com.apple.developer.icloud-container-identifiers" =     (
        "iCloud.com.maskedsyntax.Steepr"
    );
    "com.apple.developer.icloud-services" =     (
        CloudKit
    );
    "com.apple.developer.team-identifier" = GVGJLY2H53;
    "com.apple.security.application-groups" =     (
        "group.com.maskedsyntax.steepr"
    );
    "get-task-allow" = 1;
}', teamID='GVGJLY2H53', identifier='com.maskedsyntax.Steepr', executablePath='<DVTFilePath:0x9efb2fba0:'/Users/batman/maskedsyntax/steepr/build/AppStore/Steepr-20260710-archive.xcarchive/Products/Applications/Steepr.app/Steepr'>', hardenedRuntime='0'>'> to: /var/folders/99/99_53n6d0kx7ckzzlqk07qsr0000gn/T/XcodeDistPipeline.~~~lUixDZ/entitlements~~~OkQUec
2026-07-09 20:29:21 +0000 [MT] invoking codesign: <NSConcreteTask: 0x9ef7d9810; launchPath='/usr/bin/codesign', arguments='(
    "-f",
    "-s",
    623E9DD2311AB9DF5E0DA7BFDD1703043A571173,
    "--entitlements",
    "/var/folders/99/99_53n6d0kx7ckzzlqk07qsr0000gn/T/XcodeDistPipeline.~~~lUixDZ/entitlements~~~OkQUec",
    "--preserve-metadata=identifier,flags,runtime,launch-constraints,library-constraints",
    "--generate-entitlement-der",
    "--strip-disallowed-xattrs",
    "-vvv",
    "/var/folders/99/99_53n6d0kx7ckzzlqk07qsr0000gn/T/XcodeDistPipeline.~~~lUixDZ/Root/Payload/Steepr.app"
)'>
2026-07-09 20:29:21 +0000 [MT] codesign output: /var/folders/99/99_53n6d0kx7ckzzlqk07qsr0000gn/T/XcodeDistPipeline.~~~lUixDZ/Root/Payload/Steepr.app: replacing existing signature
/var/folders/99/99_53n6d0kx7ckzzlqk07qsr0000gn/T/XcodeDistPipeline.~~~lUixDZ/Root/Payload/Steepr.app: signed app bundle with Mach-O thin (arm64) [com.maskedsyntax.Steepr]
2026-07-09 20:29:21 +0000 [MT] Processing step: IDEDistributionZipODRItemStep
2026-07-09 20:29:21 +0000 [MT] Skipping step: IDEDistributionZipODRItemStep because it said so
2026-07-09 20:29:21 +0000 [MT] Skipping step: IDEDistributionZipODRItemStep because it said so
2026-07-09 20:29:21 +0000 [MT] Skipping step: IDEDistributionZipODRItemStep because it said so
2026-07-09 20:29:21 +0000 [MT] Skipping step: IDEDistributionZipODRItemStep because it said so
2026-07-09 20:29:21 +0000 [MT] Processing step: IDEDistributionCreateIPAStep
2026-07-09 20:29:21 +0000 [MT] Running /usr/bin/rsync '-8aPhhE' '/var/folders/99/99_53n6d0kx7ckzzlqk07qsr0000gn/T/XcodeDistPipeline.~~~lUixDZ/Symbols' '--link-dest' '/var/folders/99/99_53n6d0kx7ckzzlqk07qsr0000gn/T/XcodeDistPipeline.~~~lUixDZ' '/var/folders/99/99_53n6d0kx7ckzzlqk07qsr0000gn/T/XcodeDistPipeline.~~~lUixDZ/Root'
2026-07-09 20:29:21 +0000  Symbols/
._Symbols
            163  64%    1.41MB/s   00:00:00 (xfer#1, to-check=0/14)
2026-07-09 20:29:21 +0000  Symbols/2F66D16B-28ED-3924-89EF-4AF2CBC30483.symbols
Symbols/A7F1E985-18C8-3F1E-A838-1E75A1B37535.symbols
Symbols/C8D75C84-E11C-352F-80E0-9B16299A7323.symbols
Symbols/CBE0E8FD-AE1B-3E00-ACFB-5EEA7638A468.symbols
Symbols/EF03C67C-C4EE-325A-AE8D-1F06C6D5EC35.symbols
Symbols/F69A361F-3D1F-3E2B-8491-38C7925B0DCD.symbols
Symbols/._2F66D16B-28ED-3924-89EF-4AF2CBC30483.symbols
            163   0%  436.09KB/s   00:00:00 (xfer#2, to-check=2/14)
2026-07-09 20:29:21 +0000  Symbols/._A7F1E985-18C8-3F1E-A838-1E75A1B37535.symbols
            163   0%  460.13KB/s   00:00:00 (xfer#3, to-check=3/14)
2026-07-09 20:29:21 +0000  Symbols/._C8D75C84-E11C-352F-80E0-9B16299A7323.symbols
            163   0%  471.17KB/s   00:00:00 (xfer#4, to-check=4/14)
2026-07-09 20:29:21 +0000  Symbols/._CBE0E8FD-AE1B-3E00-ACFB-5EEA7638A468.symbols
            163   0%  429.08KB/s   00:00:00 (xfer#5, to-check=5/14)
2026-07-09 20:29:21 +0000  Symbols/._EF03C67C-C4EE-325A-AE8D-1F06C6D5EC35.symbols
            163   0%  476.55KB/s   00:00:00 (xfer#6, to-check=6/14)
2026-07-09 20:29:21 +0000  Symbols/._F69A361F-3D1F-3E2B-8491-38C7925B0DCD.symbols
            163   0%  403.90KB/s   00:00:00 (xfer#7, to-check=7/14)
2026-07-09 20:29:21 +0000 [MT] /usr/bin/rsync exited with 0
2026-07-09 20:29:21 +0000 [MT] Running /usr/bin/ditto '-V' '-c' '-k' '--norsrc' '/var/folders/99/99_53n6d0kx7ckzzlqk07qsr0000gn/T/XcodeDistPipeline.~~~lUixDZ/Root' '/var/folders/99/99_53n6d0kx7ckzzlqk07qsr0000gn/T/XcodeDistPipeline.~~~lUixDZ/Packages/Steepr.ipa'
2026-07-09 20:29:21 +0000  >>> Copying /var/folders/99/99_53n6d0kx7ckzzlqk07qsr0000gn/T/XcodeDistPipeline.~~~lUixDZ/Root 
2026-07-09 20:29:21 +0000  copying file ./Payload/Steepr.app/_CodeSignature/CodeResources ... 
2026-07-09 20:29:21 +0000  10206 bytes for ./Payload/Steepr.app/_CodeSignature/CodeResources
2026-07-09 20:29:21 +0000  copying file ./Payload/Steepr.app/en.lproj/nlu.appintents/nlu.lzfse ... 
2026-07-09 20:29:21 +0000  2305 bytes for ./Payload/Steepr.app/en.lproj/nlu.appintents/nlu.lzfse
2026-07-09 20:29:21 +0000  copying file ./Payload/Steepr.app/en.lproj/nlu.appintents/e0b4e82bfcb5a219309796d852d808e5.version ... 
2026-07-09 20:29:21 +0000  1 bytes for ./Payload/Steepr.app/en.lproj/nlu.appintents/e0b4e82bfcb5a219309796d852d808e5.version
2026-07-09 20:29:21 +0000  copying file ./Payload/Steepr.app/en.lproj/Localizable.strings ... 
2026-07-09 20:29:21 +0000  426 bytes for ./Payload/Steepr.app/en.lproj/Localizable.strings
2026-07-09 20:29:21 +0000  copying file ./Payload/Steepr.app/Metadata.appintents/version.json ... 
2026-07-09 20:29:21 +0000  52 bytes for ./Payload/Steepr.app/Metadata.appintents/version.json
2026-07-09 20:29:21 +0000  copying file ./Payload/Steepr.app/Metadata.appintents/extract.actionsdata ... 
2026-07-09 20:29:21 +0000  7058 bytes for ./Payload/Steepr.app/Metadata.appintents/extract.actionsdata
2026-07-09 20:29:21 +0000  copying file ./Payload/Steepr.app/PlugIns/SteeprWidgets.appex/_CodeSignature/CodeResources ... 
2026-07-09 20:29:21 +0000  2782 bytes for ./Payload/Steepr.app/PlugIns/SteeprWidgets.appex/_CodeSignature/CodeResources
2026-07-09 20:29:21 +0000  copying file ./Payload/Steepr.app/PlugIns/SteeprWidgets.appex/Metadata.appintents/version.json ... 
2026-07-09 20:29:21 +0000  52 bytes for ./Payload/Steepr.app/PlugIns/SteeprWidgets.appex/Metadata.appintents/version.json
2026-07-09 20:29:21 +0000  copying file ./Payload/Steepr.app/PlugIns/SteeprWidgets.appex/Metadata.appintents/extract.actionsdata ... 
2026-07-09 20:29:21 +0000  2346 bytes for ./Payload/Steepr.app/PlugIns/SteeprWidgets.appex/Metadata.appintents/extract.actionsdata
2026-07-09 20:29:21 +0000  copying file ./Payload/Steepr.app/PlugIns/SteeprWidgets.appex/SteeprWidgets ... 
2026-07-09 20:29:21 +0000  282048 bytes for ./Payload/Steepr.app/PlugIns/SteeprWidgets.appex/SteeprWidgets
2026-07-09 20:29:21 +0000  copying file ./Payload/Steepr.app/PlugIns/SteeprWidgets.appex/PrivacyInfo.xcprivacy ... 
2026-07-09 20:29:21 +0000  461 bytes for ./Payload/Steepr.app/PlugIns/SteeprWidgets.appex/PrivacyInfo.xcprivacy
2026-07-09 20:29:21 +0000  copying file ./Payload/Steepr.app/PlugIns/SteeprWidgets.appex/embedded.mobileprovision ... 
2026-07-09 20:29:21 +0000  14711 bytes for ./Payload/Steepr.app/PlugIns/SteeprWidgets.appex/embedded.mobileprovision
2026-07-09 20:29:21 +0000  copying file ./Payload/Steepr.app/PlugIns/SteeprWidgets.appex/Info.plist ... 
2026-07-09 20:29:21 +0000  891 bytes for ./Payload/Steepr.app/PlugIns/SteeprWidgets.appex/Info.plist
2026-07-09 20:29:21 +0000  copying file ./Payload/Steepr.app/AppIcon60x60@2x.png ... 
2026-07-09 20:29:21 +0000  17697 bytes for ./Payload/Steepr.app/AppIcon60x60@2x.png
2026-07-09 20:29:21 +0000  copying file ./Payload/Steepr.app/Steepr ... 
2026-07-09 20:29:21 +0000  1111648 bytes for ./Payload/Steepr.app/Steepr
2026-07-09 20:29:21 +0000  copying file ./Payload/Steepr.app/Assets.car ... 
2026-07-09 20:29:22 +0000  1555608 bytes for ./Payload/Steepr.app/Assets.car
2026-07-09 20:29:22 +0000  copying file ./Payload/Steepr.app/AppIcon76x76@2x~ipad.png ... 
2026-07-09 20:29:22 +0000  26298 bytes for ./Payload/Steepr.app/AppIcon76x76@2x~ipad.png
2026-07-09 20:29:22 +0000  copying file ./Payload/Steepr.app/PrivacyInfo.xcprivacy ... 
2026-07-09 20:29:22 +0000  461 bytes for ./Payload/Steepr.app/PrivacyInfo.xcprivacy
2026-07-09 20:29:22 +0000  copying file ./Payload/Steepr.app/Watch/SteeprWatch.app/_CodeSignature/CodeResources ... 
2026-07-09 20:29:22 +0000  4595 bytes for ./Payload/Steepr.app/Watch/SteeprWatch.app/_CodeSignature/CodeResources
2026-07-09 20:29:22 +0000  copying file ./Payload/Steepr.app/Watch/SteeprWatch.app/PlugIns/SteeprComplications.appex/_CodeSignature/CodeResources ... 
2026-07-09 20:29:22 +0000  2412 bytes for ./Payload/Steepr.app/Watch/SteeprWatch.app/PlugIns/SteeprComplications.appex/_CodeSignature/CodeResources
2026-07-09 20:29:22 +0000  copying file ./Payload/Steepr.app/Watch/SteeprWatch.app/PlugIns/SteeprComplications.appex/PrivacyInfo.xcprivacy ... 
2026-07-09 20:29:22 +0000  598 bytes for ./Payload/Steepr.app/Watch/SteeprWatch.app/PlugIns/SteeprComplications.appex/PrivacyInfo.xcprivacy
2026-07-09 20:29:22 +0000  copying file ./Payload/Steepr.app/Watch/SteeprWatch.app/PlugIns/SteeprComplications.appex/SteeprComplications ... 
2026-07-09 20:29:22 +0000  330272 bytes for ./Payload/Steepr.app/Watch/SteeprWatch.app/PlugIns/SteeprComplications.appex/SteeprComplications
2026-07-09 20:29:22 +0000  copying file ./Payload/Steepr.app/Watch/SteeprWatch.app/PlugIns/SteeprComplications.appex/embedded.mobileprovision ... 
2026-07-09 20:29:22 +0000  14775 bytes for ./Payload/Steepr.app/Watch/SteeprWatch.app/PlugIns/SteeprComplications.appex/embedded.mobileprovision
2026-07-09 20:29:22 +0000  copying file ./Payload/Steepr.app/Watch/SteeprWatch.app/PlugIns/SteeprComplications.appex/Info.plist ... 
2026-07-09 20:29:22 +0000  875 bytes for ./Payload/Steepr.app/Watch/SteeprWatch.app/PlugIns/SteeprComplications.appex/Info.plist
2026-07-09 20:29:22 +0000  copying file ./Payload/Steepr.app/Watch/SteeprWatch.app/Assets.car ... 
2026-07-09 20:29:22 +0000  1553864 bytes for ./Payload/Steepr.app/Watch/SteeprWatch.app/Assets.car
2026-07-09 20:29:22 +0000  copying file ./Payload/Steepr.app/Watch/SteeprWatch.app/PrivacyInfo.xcprivacy ... 
598 bytes for ./Payload/Steepr.app/Watch/SteeprWatch.app/PrivacyInfo.xcprivacy
2026-07-09 20:29:22 +0000  copying file ./Payload/Steepr.app/Watch/SteeprWatch.app/SteeprWatch ... 
2026-07-09 20:29:22 +0000  560016 bytes for ./Payload/Steepr.app/Watch/SteeprWatch.app/SteeprWatch
2026-07-09 20:29:22 +0000  copying file ./Payload/Steepr.app/Watch/SteeprWatch.app/embedded.mobileprovision ... 
2026-07-09 20:29:22 +0000  14689 bytes for ./Payload/Steepr.app/Watch/SteeprWatch.app/embedded.mobileprovision
2026-07-09 20:29:22 +0000  copying file ./Payload/Steepr.app/Watch/SteeprWatch.app/Info.plist ... 
2026-07-09 20:29:22 +0000  995 bytes for ./Payload/Steepr.app/Watch/SteeprWatch.app/Info.plist
2026-07-09 20:29:22 +0000  copying file ./Payload/Steepr.app/Watch/SteeprWatch.app/PkgInfo ... 
2026-07-09 20:29:22 +0000  8 bytes for ./Payload/Steepr.app/Watch/SteeprWatch.app/PkgInfo
2026-07-09 20:29:22 +0000  copying file ./Payload/Steepr.app/embedded.mobileprovision ... 
2026-07-09 20:29:22 +0000  16298 bytes for ./Payload/Steepr.app/embedded.mobileprovision
2026-07-09 20:29:22 +0000  copying file ./Payload/Steepr.app/Info.plist ... 
2026-07-09 20:29:22 +0000  1496 bytes for ./Payload/Steepr.app/Info.plist
2026-07-09 20:29:22 +0000  copying file ./Payload/Steepr.app/PkgInfo ... 
2026-07-09 20:29:22 +0000  8 bytes for ./Payload/Steepr.app/PkgInfo
2026-07-09 20:29:22 +0000  copying file ./Symbols/C8D75C84-E11C-352F-80E0-9B16299A7323.symbols ... 
2026-07-09 20:29:22 +0000  477724 bytes for ./Symbols/C8D75C84-E11C-352F-80E0-9B16299A7323.symbols
2026-07-09 20:29:22 +0000  copying file ./Symbols/EF03C67C-C4EE-325A-AE8D-1F06C6D5EC35.symbols ... 
2026-07-09 20:29:22 +0000  280324 bytes for ./Symbols/EF03C67C-C4EE-325A-AE8D-1F06C6D5EC35.symbols
2026-07-09 20:29:22 +0000  copying file ./Symbols/F69A361F-3D1F-3E2B-8491-38C7925B0DCD.symbols ... 
2026-07-09 20:29:22 +0000  96212 bytes for ./Symbols/F69A361F-3D1F-3E2B-8491-38C7925B0DCD.symbols
2026-07-09 20:29:22 +0000  copying file ./Symbols/A7F1E985-18C8-3F1E-A838-1E75A1B37535.symbols ... 
2026-07-09 20:29:22 +0000  95004 bytes for ./Symbols/A7F1E985-18C8-3F1E-A838-1E75A1B37535.symbols
2026-07-09 20:29:22 +0000  copying file ./Symbols/CBE0E8FD-AE1B-3E00-ACFB-5EEA7638A468.symbols ... 
2026-07-09 20:29:22 +0000  286500 bytes for ./Symbols/CBE0E8FD-AE1B-3E00-ACFB-5EEA7638A468.symbols
2026-07-09 20:29:22 +0000  copying file ./Symbols/2F66D16B-28ED-3924-89EF-4AF2CBC30483.symbols ... 
2026-07-09 20:29:22 +0000  2833076 bytes for ./Symbols/2F66D16B-28ED-3924-89EF-4AF2CBC30483.symbols
2026-07-09 20:29:22 +0000 [MT] /usr/bin/ditto exited with 0
2026-07-09 20:29:22 +0000 [MT] Processing step: IDEDistributionAppStoreInformationStep
2026-07-09 20:29:22 +0000 [MT] Skipping step: IDEDistributionAppStoreInformationStep because it said so
2026-07-09 20:29:22 +0000 [MT] Processing step: IDEDistributionGenerateProcessedDistributionItems
2026-07-09 20:29:22 +0000 [MT] IDEDistributionItem init <DVTFilePath:0x9ee920310:'/var/folders/99/99_53n6d0kx7ckzzlqk07qsr0000gn/T/XcodeDistPipeline.~~~lUixDZ/Root/Payload/Steepr.app/Watch/SteeprWatch.app/PlugIns/SteeprComplications.appex'>
2026-07-09 20:29:22 +0000 [MT] IDEDistributionItem init <DVTFilePath:0x9ee890780:'/var/folders/99/99_53n6d0kx7ckzzlqk07qsr0000gn/T/XcodeDistPipeline.~~~lUixDZ/Root/Payload/Steepr.app/Watch/SteeprWatch.app'>
2026-07-09 20:29:22 +0000 [MT] IDEDistributionItem init <DVTFilePath:0x9ee9207e0:'/var/folders/99/99_53n6d0kx7ckzzlqk07qsr0000gn/T/XcodeDistPipeline.~~~lUixDZ/Root/Payload/Steepr.app/PlugIns/SteeprWidgets.appex'>
2026-07-09 20:29:22 +0000 [MT] IDEDistributionItem init <DVTFilePath:0x9ee890720:'/var/folders/99/99_53n6d0kx7ckzzlqk07qsr0000gn/T/XcodeDistPipeline.~~~lUixDZ/Root/Payload/Steepr.app'>
2026-07-09 20:29:22 +0000 [MT] Processing step: IDEDistributionCreateManifestStep
2026-07-09 20:29:22 +0000 [MT] Skipping step: IDEDistributionCreateManifestStep because it said so
